
╔════════════════════════════════════════════════════════╗
║  TRANSPARENT MODE — Variable & Template Diagnostics  ║
╚════════════════════════════════════════════════════════╝

── Global Variables
  Variables in scope:
  ┌──────────────────┬───────────────┬────────┬──────────────────────────────────────────────────────────────────────────────────────────────────────────────────┬──────────┐
  │ Name             │ Origin        │ Type   │ Value                                                                                                            │ Shadows? │
  ├──────────────────┼───────────────┼────────┼──────────────────────────────────────────────────────────────────────────────────────────────────────────────────┼──────────┤
  │ ALIAS            │ special       │ string │ default                                                                                                          │          │
  │ ROOT_DIR         │ special       │ string │ <PATH>              │          │
  │ ROOT_TASKFILE    │ special       │ string │ <PATH> │          │
  │ TASK             │ special       │ string │ default                                                                                                          │          │
  │ TASKFILE         │ special       │ string │ <PATH> │          │
  │ TASKFILE_DIR     │ special       │ string │ <PATH>              │          │
  │ TASK_DIR         │ special       │ string │ <PATH>              │          │
  │ TASK_EXE         │ special       │ string │ <PATH>                                                       │          │
  │ TASK_VERSION     │ special       │ string │ <TASK_VERSION>                                                                                                           │          │
  │ USER_WORKING_DIR │ special       │ string │ <PATH>                                           │          │
  │ APP_NAME         │ taskfile-vars │ string │ my-app                                                                                                           │          │
  │ ENV              │ taskfile-vars │ string │ development                                                                                                      │          │
  │ VERSION          │ taskfile-vars │ string │ 1.0.0                                                                                                            │          │
  └──────────────────┴───────────────┴────────┴──────────────────────────────────────────────────────────────────────────────────────────────────────────────────┴──────────┘
  (7 environment variables hidden — use -v to show)

── Task: default
  Variables in scope:
  ┌───────┬───────────┬──────────┬──────────────────┬──────────┐
  │ Name  │ Origin    │ Type     │ Value            │ Shadows? │
  ├───────┼───────────┼──────────┼──────────────────┼──────────┤
  │ MATCH │ call-vars │ []string │ []               │          │
  │       │           │          │ ptr: <PTR> │          │
  └───────┴───────────┴──────────┴──────────────────┴──────────┘
  Template Evaluation — cmds[0]:
  ┌─ Input:
  │ echo 'App: {{.APP_NAME}}'
  └─
  ┌─ Evaluation Steps:
  │ 
  │ ── Action 1 of 1 — line 1
  │   S     echo 'App: {{.APP_NAME}}'
  │ 
  │ Step 1: Resolve a Variable — .APP_NAME
  │   I     my-app
  │ 
  │   R     echo 'App: my-app'
  │ 
  └─
  ┌─ Output:
  │ echo 'App: my-app'
  └─
  ┌─ Vars used:
  │ APP_NAME
  └─
  Template Evaluation — cmds[1]:
  ┌─ Input:
  │ echo 'Version: {{.VERSION}}'
  └─
  ┌─ Evaluation Steps:
  │ 
  │ ── Action 1 of 1 — line 1
  │   S     echo 'Version: {{.VERSION}}'
  │ 
  │ Step 1: Resolve a Variable — .VERSION
  │   I     1.0.0
  │ 
  │   R     echo 'Version: 1.0.0'
  │ 
  └─
  ┌─ Output:
  │ echo 'Version: 1.0.0'
  └─
  ┌─ Vars used:
  │ VERSION
  └─
  Template Evaluation — cmds[2]:
  ┌─ Input:
  │ echo 'Environment: {{.ENV}}'
  └─
  ┌─ Evaluation Steps:
  │ 
  │ ── Action 1 of 1 — line 1
  │   S     echo 'Environment: {{.ENV}}'
  │ 
  │ Step 1: Resolve a Variable — .ENV
  │   I     development
  │ 
  │   R     echo 'Environment: development'
  │ 
  └─
  ┌─ Output:
  │ echo 'Environment: development'
  └─
  ┌─ Vars used:
  │ ENV
  └─
  Commands — cmds[0]:
  ┌─ Raw:
  │ echo 'App: {{.APP_NAME}}'
  └─
  ┌─ Resolved:
  │ echo 'App: my-app'
  └─
  Commands — cmds[1]:
  ┌─ Raw:
  │ echo 'Version: {{.VERSION}}'
  └─
  ┌─ Resolved:
  │ echo 'Version: 1.0.0'
  └─
  Commands — cmds[2]:
  ┌─ Raw:
  │ echo 'Environment: {{.ENV}}'
  └─
  ┌─ Resolved:
  │ echo 'Environment: development'
  └─

╚══ End of Transparent Mode Report ══╝
