
╔════════════════════════════════════════════════════════╗
║  TRANSPARENT MODE — Variable & Template Diagnostics  ║
╚════════════════════════════════════════════════════════╝

── Global Variables
  Variables in scope:
  ┌──────────────────┬───────────────┬────────┬──────────────────────────────────────────────────────────────────────────────────────────────────────────────────────────────┬──────────┐
  │ Name             │ Origin        │ Type   │ Value                                                                                                                        │ Shadows? │
  ├──────────────────┼───────────────┼────────┼──────────────────────────────────────────────────────────────────────────────────────────────────────────────────────────────┼──────────┤
  │ ALIAS            │ special       │ string │ combined-pipes                                                                                                               │          │
  │ ROOT_DIR         │ special       │ string │ <PATH>              │          │
  │ ROOT_TASKFILE    │ special       │ string │ <PATH> │          │
  │ TASK             │ special       │ string │ combined-pipes                                                                                                               │          │
  │ TASKFILE         │ special       │ string │ <PATH> │          │
  │ TASKFILE_DIR     │ special       │ string │ <PATH>              │          │
  │ TASK_DIR         │ special       │ string │ <PATH>              │          │
  │ TASK_EXE         │ special       │ string │ <PATH>                                                      │          │
  │ TASK_VERSION     │ special       │ string │ <TASK_VERSION>                                                                                                                       │          │
  │ USER_WORKING_DIR │ special       │ string │ <PATH>                                          │          │
  │ ITEMS            │ taskfile-vars │ string │ apple,banana,cherry                                                                                                          │          │
  │ NAME             │ taskfile-vars │ string │   world                                                                                                                      │          │
  │ TITLE            │ taskfile-vars │ string │ hello world                                                                                                                  │          │
  └──────────────────┴───────────────┴────────┴──────────────────────────────────────────────────────────────────────────────────────────────────────────────────────────────┴──────────┘
  (7 environment variables hidden — use -v to show)

── Task: combined-pipes
  Variables in scope:
  ┌───────┬───────────┬──────────┬───────┬──────────┐
  │ Name  │ Origin    │ Type     │ Value │ Shadows? │
  ├───────┼───────────┼──────────┼───────┼──────────┤
  │ MATCH │ call-vars │ []string │ []    │          │
  │       │           │          │ ptr: <PTR> │          │
  └───────┴───────────┴──────────┴───────┴──────────┘
  Template Evaluation — cmds[0]:
  ┌─ Input:
  │ echo '{{.NAME | trim | upper}}'
  └─
  ┌─ Evaluation Steps:
  │ Step 1: Resolve a Variable — .NAME
  │   Input:    world  
  │   Expr:   echo '{{"  world  " | trim | upper}}'
  │ Step 2: Apply a Function — trim
  │   Input:  trim
  │   Output: <exec error: template: :1:2: executing "" at <trim>: wrong number of args for trim: want 1 got 0>
  │ Step 3: Apply a Function — upper
  │   Input:  upper
  │   Output: <exec error: template: :1:2: executing "" at <upper>: wrong number of args for upper: want 1 got 0>
  │   Expr:   echo '<exec error: template: :1:2: executing "" at <upper>: wrong number of args for upper: want 1 got 0>'
  └─
  ┌─ Output:
  │ echo 'WORLD'
  └─
  ┌─ Vars used:
  │ NAME
  └─
  Template Evaluation — cmds[1]:
  ┌─ Input:
  │ echo '{{printf "APP_%s" (.NAME | trim | upper)}}'
  └─
  ┌─ Evaluation Steps:
  │ Step 1: Apply a Function — printf
  │   Input:  printf "APP_%s" .NAME | trim | upper
  │   Output: APP_WORLD
  │   Expr:   echo 'APP_WORLD'
  └─
  ┌─ Output:
  │ echo 'APP_WORLD'
  └─
  ┌─ Vars used:
  │ NAME
  └─
  Commands — cmds[0]:
  ┌─ Raw:
  │ echo '{{.NAME | trim | upper}}'
  └─
  ┌─ Resolved:
  │ echo 'WORLD'
  └─
  Commands — cmds[1]:
  ┌─ Raw:
  │ echo '{{printf "APP_%s" (.NAME | trim | upper)}}'
  └─
  ┌─ Resolved:
  │ echo 'APP_WORLD'
  └─

╚══ End of Transparent Mode Report ══╝
