
╔════════════════════════════════════════════════════════╗
║  TRANSPARENT MODE — Variable & Template Diagnostics  ║
╚════════════════════════════════════════════════════════╝

── Global Variables
  Variables in scope:
  ┌──────────────────┬───────────────┬────────┬─────────────────────────────────────────────────────────────────────────────────────────────────────────────────┬──────────┐
  │ Name             │ Origin        │ Type   │ Value                                                                                                           │ Shadows? │
  ├──────────────────┼───────────────┼────────┼─────────────────────────────────────────────────────────────────────────────────────────────────────────────────┼──────────┤
  │ ALIAS            │ special       │ string │ quote-pipe                                                                                                      │          │
  │ ROOT_DIR         │ special       │ string │ <PATH>              │          │
  │ ROOT_TASKFILE    │ special       │ string │ <PATH> │          │
  │ TASK             │ special       │ string │ quote-pipe                                                                                                      │          │
  │ TASKFILE         │ special       │ string │ <PATH> │          │
  │ TASKFILE_DIR     │ special       │ string │ <PATH>              │          │
  │ TASK_DIR         │ special       │ string │ <PATH>              │          │
  │ TASK_EXE         │ special       │ string │ <PATH>                                                      │          │
  │ TASK_VERSION     │ special       │ string │ <TASK_VERSION>                                                                                                          │          │
  │ USER_WORKING_DIR │ special       │ string │ <PATH>                                          │          │
  │ ITEMS            │ taskfile-vars │ string │ apple,banana,cherry                                                                                             │          │
  │ NAME             │ taskfile-vars │ string │   world                                                                                                         │          │
  │ TITLE            │ taskfile-vars │ string │ hello world                                                                                                     │          │
  └──────────────────┴───────────────┴────────┴─────────────────────────────────────────────────────────────────────────────────────────────────────────────────┴──────────┘
  (7 environment variables hidden — use -v to show)

── Task: quote-pipe
  Variables in scope:
  ┌───────┬───────────┬──────────┬──────────────────┬──────────┐
  │ Name  │ Origin    │ Type     │ Value            │ Shadows? │
  ├───────┼───────────┼──────────┼──────────────────┼──────────┤
  │ MATCH │ call-vars │ []string │ []               │          │
  │       │           │          │ ptr: <PTR> │          │
  └───────┴───────────┴──────────┴──────────────────┴──────────┘
  Template Evaluation — cmds[0]:
  ┌─ Input:
  │ echo {{.TITLE | quote}}
  └─
  ┌─ Evaluation Steps:
  │ Step 1: Resolve a Variable — .TITLE
  │   I     hello world
  │   E     echo {{"hello world" | quote}}
  │ Step 2: Apply a Function — quote
  │   I     quote
  │   E     echo 
  └─
  ┌─ Output:
  │ echo "hello world"
  └─
  ┌─ Vars used:
  │ TITLE
  └─
  Template Evaluation — cmds[1]:
  ┌─ Input:
  │ echo '{{.NAME | trim | quote}}'
  └─
  ┌─ Evaluation Steps:
  │ Step 1: Resolve a Variable — .NAME
  │   I       world  
  │   E     echo '{{"  world  " | trim | quote}}'
  │ Step 2: Apply a Function — trim
  │   I     trim
  │   O     <exec error: template: :1:2: executing "" at <trim>: wrong number of args for trim: want 1 got 0>
  │ Step 3: Apply a Function — quote
  │   I     quote
  │   E     echo ''
  └─
  ┌─ Output:
  │ echo '"world"'
  └─
  ┌─ Vars used:
  │ NAME
  └─
  Commands — cmds[0]:
  ┌─ Raw:
  │ echo {{.TITLE | quote}}
  └─
  ┌─ Resolved:
  │ echo "hello world"
  └─
  Commands — cmds[1]:
  ┌─ Raw:
  │ echo '{{.NAME | trim | quote}}'
  └─
  ┌─ Resolved:
  │ echo '"world"'
  └─

╚══ End of Transparent Mode Report ══╝
