
╔════════════════════════════════════════════════════════╗
║  TRANSPARENT MODE — Variable & Template Diagnostics  ║
╚════════════════════════════════════════════════════════╝

── Global Variables
  Variables in scope:
  ┌──────────────────┬───────────────┬────────┬─────────────────────────────────────────────────────────────────────────────────────────────────────────────────────────────────┬──────────┐
  │ Name             │ Origin        │ Type   │ Value                                                                                                                           │ Shadows? │
  ├──────────────────┼───────────────┼────────┼─────────────────────────────────────────────────────────────────────────────────────────────────────────────────────────────────┼──────────┤
  │ ALIAS            │ special       │ string │ task-dynamic                                                                                                                    │          │
  │ ROOT_DIR         │ special       │ string │ <PATH>              │          │
  │ ROOT_TASKFILE    │ special       │ string │ <PATH> │          │
  │ TASK             │ special       │ string │ task-dynamic                                                                                                                    │          │
  │ TASKFILE         │ special       │ string │ <PATH> │          │
  │ TASKFILE_DIR     │ special       │ string │ <PATH>              │          │
  │ TASK_DIR         │ special       │ string │ <PATH>              │          │
  │ TASK_EXE         │ special       │ string │ <PATH>                                                         │          │
  │ TASK_VERSION     │ special       │ string │ <TASK_VERSION>                                                                                                                          │          │
  │ USER_WORKING_DIR │ special       │ string │ <PATH>                                             │          │
  │ DATE             │ taskfile-vars │ string │ (sh) 2026-02-11 (sh: echo "2026-02-11")                                                                                         │          │
  │ HOSTNAME         │ taskfile-vars │ string │ (sh) test-host (sh: echo "test-host")                                                                                           │          │
  │ STATIC_VAR       │ taskfile-vars │ string │ static-value                                                                                                                    │          │
  └──────────────────┴───────────────┴────────┴─────────────────────────────────────────────────────────────────────────────────────────────────────────────────────────────────┴──────────┘
  (7 environment variables hidden — use -v to show)

── Task: task-dynamic
  Variables in scope:
  ┌──────────┬───────────┬──────────┬─────────────────────────────────────┬──────────┐
  │ Name     │ Origin    │ Type     │ Value                               │ Shadows? │
  ├──────────┼───────────┼──────────┼─────────────────────────────────────┼──────────┤
  │ MATCH    │ call-vars │ []string │ []                                  │          │
  │          │           │          │ ptr: <PTR>                    │          │
  │ COMBINED │ task-vars │ string   │ test-host-task-123                  │          │
  │ TASK_ID  │ task-vars │ string   │ (sh) task-123 (sh: echo "task-123") │          │
  └──────────┴───────────┴──────────┴─────────────────────────────────────┴──────────┘
  Template Evaluation — cmds[0]:
  ┌─ Input:
  │ echo 'Task ID: {{.TASK_ID}}'
  └─
  ┌─ Evaluation Steps:
  │ Step 1: Resolve a Variable — .TASK_ID
  │   Input:  task-123
  │   Expr:   echo 'Task ID: '
  └─
  ┌─ Output:
  │ echo 'Task ID: task-123'
  └─
  ┌─ Vars used:
  │ TASK_ID
  └─
  Template Evaluation — cmds[1]:
  ┌─ Input:
  │ echo 'Combined: {{.COMBINED}}'
  └─
  ┌─ Evaluation Steps:
  │ Step 1: Resolve a Variable — .COMBINED
  │   Input:  test-host-task-123
  │   Expr:   echo 'Combined: '
  └─
  ┌─ Output:
  │ echo 'Combined: test-host-task-123'
  └─
  ┌─ Vars used:
  │ COMBINED
  └─
  Commands — cmds[0]:
  ┌─ Raw:
  │ echo 'Task ID: {{.TASK_ID}}'
  └─
  ┌─ Resolved:
  │ echo 'Task ID: task-123'
  └─
  Commands — cmds[1]:
  ┌─ Raw:
  │ echo 'Combined: {{.COMBINED}}'
  └─
  ┌─ Resolved:
  │ echo 'Combined: test-host-task-123'
  └─

╚══ End of Transparent Mode Report ══╝
