
══════ Transparent Mode Report ══════

── Global Variables
  Variables:
  Name              Origin          Type      Ref?    Value
  ──────────────────────────────────────────────────────
  ALIAS             special         string      ·     default
  ROOT_DIR          special         string      ·     <PATH>
  ROOT_TASKFILE     special         string      ·     <PATH>
  TASK              special         string      ·     default
  TASKFILE          special         string      ·     <PATH>
  TASKFILE_DIR      special         string      ·     <PATH>
  TASK_DIR          special         string      ·     <PATH>
  TASK_EXE          special         string      ·     <PATH>
  TASK_VERSION      special         string      ·     <TASK_VERSION>
  USER_WORKING_DIR  special         string      ·     <PATH>
  DATE              taskfile-vars   string      ·     (sh) 2026-02-11 (sh: echo "2026-02-11")
  HOSTNAME          taskfile-vars   string      ·     (sh) test-host (sh: echo "test-host")
  STATIC_VAR        taskfile-vars   string      ·     static-value
  (7 environment variables hidden — use -v to show)

── Task: default
  Variables:
  Name   Origin          Type      Ref?    Value
  ───────────────────────────────────────────
  MATCH  call-vars       []string    ·     []
         ptr: <PTR>
  Template Evaluations:
  [1] (cmds[0]) Input:  echo 'Static: {{.STATIC_VAR}}'
       Output: echo 'Static: static-value'
       Vars used: STATIC_VAR
  [2] (cmds[1]) Input:  echo 'Hostname: {{.HOSTNAME}}'
       Output: echo 'Hostname: test-host'
       Vars used: HOSTNAME
  [3] (cmds[2]) Input:  echo 'Date: {{.DATE}}'
       Output: echo 'Date: 2026-02-11'
       Vars used: DATE
  Commands:
  [0] raw:      echo 'Static: {{.STATIC_VAR}}'
       resolved: echo 'Static: static-value'
  [1] raw:      echo 'Hostname: {{.HOSTNAME}}'
       resolved: echo 'Hostname: test-host'
  [2] raw:      echo 'Date: {{.DATE}}'
       resolved: echo 'Date: 2026-02-11'

══════ End Report ══════
