
╔════════════════════════════════════════════════════════╗
║  TRANSPARENT MODE — Variable & Template Diagnostics  ║
╚════════════════════════════════════════════════════════╝

── Global Variables
  Variables in scope:
  ┌──────────────────┬───────────────┬────────┬──────────────────────────────────────────────────────────────┬──────────┐
  │ Name             │ Origin        │ Type   │ Value                                                        │ Shadows? │
  ├──────────────────┼───────────────┼────────┼──────────────────────────────────────────────────────────────┼──────────┤
  │ ALIAS            │ special       │ string │ deploy                                                       │          │
  │ ROOT_DIR         │ special       │ string │ <PATH> │          │
  │ ROOT_TASKFILE    │ special       │ string │ <PATH> │          │
  │ TASK             │ special       │ string │ deploy                                                       │          │
  │ TASKFILE         │ special       │ string │ <PATH> │          │
  │ TASKFILE_DIR     │ special       │ string │ <PATH> │          │
  │ TASK_DIR         │ special       │ string │ <PATH> │          │
  │ TASK_EXE         │ special       │ string │ <PATH>   │          │
  │ TASK_VERSION     │ special       │ string │ <TASK_VERSION>                                                       │          │
  │ USER_WORKING_DIR │ special       │ string │ <PATH> │          │
  │ BUILD_DATE       │ taskfile-vars │ string │ (sh) 2026-02-11 (sh: echo "2026-02-11")                      │          │
  │ PROJECT          │ taskfile-vars │ string │ myproject                                                    │          │
  │ VERSION          │ taskfile-vars │ string │ 2.0.0                                                        │          │
  └──────────────────┴───────────────┴────────┴──────────────────────────────────────────────────────────────┴──────────┘
  (9 environment variables hidden — use -v to show)

── Task: deploy
  Variables in scope:
  ┌────────┬───────────┬──────────┬──────────────────┬──────────┐
  │ Name   │ Origin    │ Type     │ Value            │ Shadows? │
  ├────────┼───────────┼──────────┼──────────────────┼──────────┤
  │ MATCH  │ call-vars │ []string │ []               │          │
  │        │           │          │ ptr: <PTR> │          │
  │ TARGET │ task-vars │ string   │ production       │          │
  └────────┴───────────┴──────────┴──────────────────┴──────────┘
  Template Evaluation — cmds[0]:
  ┌─ Input:
  │ echo 'Deploying {{.PROJECT}} to {{.TARGET}}'
  └─
  ┌─ Evaluation Steps:
  │ 
  │ ── Action 1 of 2 — line 1
  │   S     echo 'Deploying {{.PROJECT}} to {{.TARGET}}'
  │ 
  │ Step 1: Resolve a Variable — .PROJECT
  │   I     myproject
  │ 
  │   R     echo 'Deploying myproject'
  │ 
  │ ── Action 2 of 2 — line 1
  │   S     echo 'Deploying {{.PROJECT}} to {{.TARGET}}'
  │ 
  │ Step 2: Resolve a Variable — .TARGET
  │   I     production
  │ 
  │   R     echo 'Deploying production'
  │ 
  └─
  ┌─ Output:
  │ echo 'Deploying myproject to production'
  └─
  ┌─ Vars used:
  │ PROJECT, TARGET
  └─
  Commands — cmds[0]:
  ┌─ Raw:
  │ echo 'Deploying {{.PROJECT}} to {{.TARGET}}'
  └─
  ┌─ Resolved:
  │ echo 'Deploying myproject to production'
  └─
  Dependencies: build

── Task: build
  Variables in scope:
  ┌──────────┬───────────┬──────────┬──────────────────┬──────────┐
  │ Name     │ Origin    │ Type     │ Value            │ Shadows? │
  ├──────────┼───────────┼──────────┼──────────────────┼──────────┤
  │ MATCH    │ call-vars │ []string │ []               │          │
  │          │           │          │ ptr: <PTR> │          │
  │ ARTIFACT │ task-vars │ string   │ myproject-2.0.0  │          │
  │ TAG      │ task-vars │ string   │ myproject/2-0-0  │          │
  └──────────┴───────────┴──────────┴──────────────────┴──────────┘
  Template Evaluation — cmds[0]:
  ┌─ Input:
  │ echo 'Building {{.ARTIFACT}}'
  └─
  ┌─ Evaluation Steps:
  │ 
  │ ── Action 1 of 1 — line 1
  │   S     echo 'Building {{.ARTIFACT}}'
  │ 
  │ Step 1: Resolve a Variable — .ARTIFACT
  │   I     myproject-2.0.0
  │ 
  │   R     echo 'Building myproject-2.0.0'
  │ 
  └─
  ┌─ Output:
  │ echo 'Building myproject-2.0.0'
  └─
  ┌─ Vars used:
  │ ARTIFACT
  └─
  Template Evaluation — cmds[1]:
  ┌─ Input:
  │ echo 'Tag: {{.TAG}}'
  └─
  ┌─ Evaluation Steps:
  │ 
  │ ── Action 1 of 1 — line 1
  │   S     echo 'Tag: {{.TAG}}'
  │ 
  │ Step 1: Resolve a Variable — .TAG
  │   I     myproject/2-0-0
  │ 
  │   R     echo 'Tag: myproject/2-0-0'
  │ 
  └─
  ┌─ Output:
  │ echo 'Tag: myproject/2-0-0'
  └─
  ┌─ Vars used:
  │ TAG
  └─
  Template Evaluation — cmds[2]:
  ┌─ Input:
  │ echo 'Date: {{.BUILD_DATE}}'
  └─
  ┌─ Evaluation Steps:
  │ 
  │ ── Action 1 of 1 — line 1
  │   S     echo 'Date: {{.BUILD_DATE}}'
  │ 
  │ Step 1: Resolve a Variable — .BUILD_DATE
  │   I     2026-02-11
  │ 
  │   R     echo 'Date: 2026-02-11'
  │ 
  └─
  ┌─ Output:
  │ echo 'Date: 2026-02-11'
  └─
  ┌─ Vars used:
  │ BUILD_DATE
  └─
  Commands — cmds[0]:
  ┌─ Raw:
  │ echo 'Building {{.ARTIFACT}}'
  └─
  ┌─ Resolved:
  │ echo 'Building myproject-2.0.0'
  └─
  Commands — cmds[1]:
  ┌─ Raw:
  │ echo 'Tag: {{.TAG}}'
  └─
  ┌─ Resolved:
  │ echo 'Tag: myproject/2-0-0'
  └─
  Commands — cmds[2]:
  ┌─ Raw:
  │ echo 'Date: {{.BUILD_DATE}}'
  └─
  ┌─ Resolved:
  │ echo 'Date: 2026-02-11'
  └─

╚══ End of Transparent Mode Report ══╝
