
══════ Transparent Mode Report ══════

── Global Variables
  Variables:
  Name              Origin          Type      Ref?    Value
  ──────────────────────────────────────────────────────
  ALIAS             special         string      ·     matrix
  ROOT_DIR          special         string      ·     <PATH>
  ROOT_TASKFILE     special         string      ·     <PATH>
  TASK              special         string      ·     matrix
  TASKFILE          special         string      ·     <PATH>
  TASKFILE_DIR      special         string      ·     <PATH>
  TASK_DIR          special         string      ·     <PATH>
  TASK_EXE          special         string      ·     <PATH>
  TASK_VERSION      special         string      ·     <TASK_VERSION>
  USER_WORKING_DIR  special         string      ·     <PATH>
  BUILD_DATE        taskfile-vars   string      ·     (sh) 2026-02-11 (sh: echo "2026-02-11")
  CLI_ARGS          taskfile-vars   string      ·     
  CLI_ARGS_LIST     taskfile-vars   []string    ·     []
                    ptr: <PTR>
  CLI_ASSUME_YES    taskfile-vars   bool        ·     false
  CLI_FORCE         taskfile-vars   bool        ·     false
  CLI_OFFLINE       taskfile-vars   bool        ·     false
  CLI_SILENT        taskfile-vars   bool        ·     false
  CLI_VERBOSE       taskfile-vars   bool        ·     false
  PROJECT           taskfile-vars   string      ·     myproject
  VERSION           taskfile-vars   string      ·     2.0.0

── Task: matrix
  Variables:
  Name       Origin          Type      Ref?    Value
  ───────────────────────────────────────────────
  MATCH      call-vars       []string    ·     []
             ptr: <PTR>
  PLATFORMS  task-vars       string      ·     linux darwin windows
  Template Evaluations:
  [1] (cmds[0]) Input:  echo 'Building {{.PROJECT}} for {{.ITEM}}'
       Output: echo 'Building myproject for linux'
       Vars used: PROJECT, ITEM
  [2] (cmds[0]) Input:  echo 'Building {{.PROJECT}} for {{.ITEM}}'
       Output: echo 'Building myproject for darwin'
       Vars used: PROJECT, ITEM
  [3] (cmds[0]) Input:  echo 'Building {{.PROJECT}} for {{.ITEM}}'
       Output: echo 'Building myproject for windows'
       Vars used: PROJECT, ITEM
  Commands:
  [0] (ITEM=linux) raw:      echo 'Building {{.PROJECT}} for {{.ITEM}}'
       resolved: echo 'Building myproject for linux'
  [1] (ITEM=darwin) raw:      echo 'Building {{.PROJECT}} for {{.ITEM}}'
       resolved: echo 'Building myproject for darwin'
  [2] (ITEM=windows) raw:      echo 'Building {{.PROJECT}} for {{.ITEM}}'
       resolved: echo 'Building myproject for windows'

══════ End Report ══════
