
╔════════════════════════════════════════════════════════╗
║  TRANSPARENT MODE — Variable & Template Diagnostics  ║
╚════════════════════════════════════════════════════════╝

── Global Variables
  Variables in scope:
  ┌──────────────────┬───────────────┬────────┬────────────────────────────────────────────────────────────────────────────────────────────────────────────────────┬──────────┐
  │ Name             │ Origin        │ Type   │ Value                                                                                                              │ Shadows? │
  ├──────────────────┼───────────────┼────────┼────────────────────────────────────────────────────────────────────────────────────────────────────────────────────┼──────────┤
  │ ALIAS            │ special       │ string │ conditional                                                                                                        │          │
  │ ROOT_DIR         │ special       │ string │ <PATH>              │          │
  │ ROOT_TASKFILE    │ special       │ string │ <PATH> │          │
  │ TASK             │ special       │ string │ conditional                                                                                                        │          │
  │ TASKFILE         │ special       │ string │ <PATH> │          │
  │ TASKFILE_DIR     │ special       │ string │ <PATH>              │          │
  │ TASK_DIR         │ special       │ string │ <PATH>              │          │
  │ TASK_EXE         │ special       │ string │ <PATH>                                                         │          │
  │ TASK_VERSION     │ special       │ string │ <TASK_VERSION>                                                                                                             │          │
  │ USER_WORKING_DIR │ special       │ string │ <PATH>                                             │          │
  │ BUILD_DATE       │ taskfile-vars │ string │ (sh) 2026-02-11 (sh: echo "2026-02-11")                                                                            │          │
  │ PROJECT          │ taskfile-vars │ string │ myproject                                                                                                          │          │
  │ VERSION          │ taskfile-vars │ string │ 2.0.0                                                                                                              │          │
  └──────────────────┴───────────────┴────────┴────────────────────────────────────────────────────────────────────────────────────────────────────────────────────┴──────────┘
  (7 environment variables hidden — use -v to show)

── Task: conditional
  Variables in scope:
  ┌───────┬───────────┬──────────┬───────┬──────────┐
  │ Name  │ Origin    │ Type     │ Value │ Shadows? │
  ├───────┼───────────┼──────────┼───────┼──────────┤
  │ MATCH │ call-vars │ []string │ []    │          │
  │       │           │          │ ptr: <PTR> │          │
  │ DEBUG │ task-vars │ string   │ true  │          │
  └───────┴───────────┴──────────┴───────┴──────────┘
  Template Evaluation — cmds[0]:
  ┌─ Input:
  │ echo '{{if eq .DEBUG "true"}}Debug mode ON{{else}}Debug mode OFF{{end}}'
  └─
  ┌─ Output:
  │ echo 'Debug mode ON'
  └─
  ┌─ Vars used:
  │ DEBUG
  └─
  Template Evaluation — cmds[1]:
  ┌─ Input:
  │ echo '{{printf "%s v%s built %s" .PROJECT .VERSION .BUILD_DATE}}'
  └─
  ┌─ Evaluation Steps:
  │ Step 1: Resolve a Variable — .PROJECT
  │   Input:  myproject
  │   Expr:   echo '{{printf "%s v%s built %s" "myproject" .VERSION .BUILD_DATE}}'
  │ Step 2: Resolve a Variable — .VERSION
  │   Input:  2.0.0
  │   Expr:   echo '{{printf "%s v%s built %s" "myproject" "2.0.0" .BUILD_DATE}}'
  │ Step 3: Resolve a Variable — .BUILD_DATE
  │   Input:  2026-02-11
  │   Expr:   echo '{{printf "%s v%s built %s" "myproject" "2.0.0" "2026-02-11"}}'
  │ Step 4: Apply a Function — printf
  │   Input:  printf "%s v%s built %s" myproject 2.0.0 2026-02-11
  │   Output: myproject v2.0.0 built 2026-02-11
  │   Expr:   echo 'myproject v2.0.0 built 2026-02-11'
  └─
  ┌─ Output:
  │ echo 'myproject v2.0.0 built 2026-02-11'
  └─
  ┌─ Vars used:
  │ PROJECT, VERSION, BUILD_DATE
  └─
  Commands — cmds[0]:
  ┌─ Raw:
  │ echo '{{if eq .DEBUG "true"}}Debug mode ON{{else}}Debug mode OFF{{end}}'
  └─
  ┌─ Resolved:
  │ echo 'Debug mode ON'
  └─
  Commands — cmds[1]:
  ┌─ Raw:
  │ echo '{{printf "%s v%s built %s" .PROJECT .VERSION .BUILD_DATE}}'
  └─
  ┌─ Resolved:
  │ echo 'myproject v2.0.0 built 2026-02-11'
  └─

╚══ End of Transparent Mode Report ══╝
