
╔════════════════════════════════════════════════════════╗
║  TRANSPARENT MODE — Variable & Template Diagnostics  ║
╚════════════════════════════════════════════════════════╝

── Global Variables
  Variables in scope:
  ┌──────────────────┬───────────────┬────────┬─────────────────────────────────────────────────────────────────────────────────────────────────────────┬───────────────────────────────────────────────────────────────────────────────────────────────────────────────────────────────────────────────┐
  │ Name             │ Origin        │ Type   │ Value                                                                                                   │ Shadows?                                                                                                                                      │
  ├──────────────────┼───────────────┼────────┼─────────────────────────────────────────────────────────────────────────────────────────────────────────┼───────────────────────────────────────────────────────────────────────────────────────────────────────────────────────────────────────────────┤
  │ ALIAS            │ special       │ string │                                                                                                         │                                                                                                                                               │
  │ ALIAS            │ special       │ string │ default                                                                                                 │ ⚠ SHADOWS ALIAS="" [special]                                                                                                                  │
  │ ROOT_DIR         │ special       │ string │ <PATH>              │                                                                                                                                               │
  │ ROOT_DIR         │ special       │ string │ <PATH>              │ ⚠ SHADOWS ROOT_DIR="<PATH> [special]                     │
  │ ROOT_TASKFILE    │ special       │ string │ <PATH> │                                                                                                                                               │
  │ ROOT_TASKFILE    │ special       │ string │ <PATH> │ ⚠ SHADOWS ROOT_TASKFILE="<PATH> [special]   │
  │ TASK             │ special       │ string │                                                                                                         │                                                                                                                                               │
  │ TASK             │ special       │ string │ default                                                                                                 │ ⚠ SHADOWS TASK="" [special]                                                                                                                   │
  │ TASKFILE         │ special       │ string │                                                                                                         │                                                                                                                                               │
  │ TASKFILE         │ special       │ string │ <PATH> │ ⚠ SHADOWS TASKFILE="" [special]                                                                                                               │
  │ TASKFILE_DIR     │ special       │ string │                                                                                                         │                                                                                                                                               │
  │ TASKFILE_DIR     │ special       │ string │ <PATH>              │ ⚠ SHADOWS TASKFILE_DIR="" [special]                                                                                                           │
  │ TASK_DIR         │ special       │ string │                                                                                                         │                                                                                                                                               │
  │ TASK_DIR         │ special       │ string │ <PATH>              │ ⚠ SHADOWS TASK_DIR="" [special]                                                                                                               │
  │ TASK_EXE         │ special       │ string │ <PATH>                                              │                                                                                                                                               │
  │ TASK_EXE         │ special       │ string │ <PATH>                                              │ ⚠ SHADOWS TASK_EXE="<PATH> [special]                                                     │
  │ TASK_VERSION     │ special       │ string │ <TASK_VERSION>                                                                                                  │                                                                                                                                               │
  │ TASK_VERSION     │ special       │ string │ <TASK_VERSION>                                                                                                  │ ⚠ SHADOWS TASK_VERSION="<TASK_VERSION>" [special]                                                                                                     │
  │ USER_WORKING_DIR │ special       │ string │ <PATH>                                  │                                                                                                                                               │
  │ USER_WORKING_DIR │ special       │ string │ <PATH>                                  │ ⚠ SHADOWS USER_WORKING_DIR="<PATH> [special]                                 │
  │ DB_HOST          │ taskfile-env  │ string │ localhost                                                                                               │                                                                                                                                               │
  │ DB_NAME          │ taskfile-env  │ string │ mydb                                                                                                    │                                                                                                                                               │
  │ DB_PORT          │ taskfile-env  │ string │ 5432                                                                                                    │                                                                                                                                               │
  │ DB_USER          │ taskfile-env  │ string │ admin                                                                                                   │                                                                                                                                               │
  │ APP_NAME         │ taskfile-vars │ string │ my-dotenv-app                                                                                           │                                                                                                                                               │
  │ APP_NAME         │ taskfile-vars │ string │ my-dotenv-app                                                                                           │ ⚠ SHADOWS APP_NAME="my-dotenv-app" [taskfile-vars]                                                                                            │
  └──────────────────┴───────────────┴────────┴─────────────────────────────────────────────────────────────────────────────────────────────────────────┴───────────────────────────────────────────────────────────────────────────────────────────────────────────────────────────────────────────────┘
  (10 environment variables hidden — use -v to show)

── Task: default
  Variables in scope:
  ┌───────┬───────────┬──────────┬──────────────────┬──────────┐
  │ Name  │ Origin    │ Type     │ Value            │ Shadows? │
  ├───────┼───────────┼──────────┼──────────────────┼──────────┤
  │ MATCH │ call-vars │ []string │ []               │          │
  │       │           │          │ ptr: <PTR> │          │
  └───────┴───────────┴──────────┴──────────────────┴──────────┘
  Template Evaluation — cmds[0]:
  ┌─ Input:
  │ echo 'DB Host: {{.DB_HOST}}'
  └─
  ┌─ Evaluation Steps:
  │ 
  │ ── Action 1 of 1 — line 1
  │   S     echo 'DB Host: {{.DB_HOST}}'
  │ 
  │ Step 1: Resolve a Variable — .DB_HOST
  │   I     localhost
  │ 
  │   R     echo 'DB Host: localhost'
  │ 
  └─
  ┌─ Output:
  │ echo 'DB Host: localhost'
  └─
  ┌─ Vars used:
  │ DB_HOST
  └─
  Template Evaluation — cmds[1]:
  ┌─ Input:
  │ echo 'DB Port: {{.DB_PORT}}'
  └─
  ┌─ Evaluation Steps:
  │ 
  │ ── Action 1 of 1 — line 1
  │   S     echo 'DB Port: {{.DB_PORT}}'
  │ 
  │ Step 1: Resolve a Variable — .DB_PORT
  │   I     5432
  │ 
  │   R     echo 'DB Port: 5432'
  │ 
  └─
  ┌─ Output:
  │ echo 'DB Port: 5432'
  └─
  ┌─ Vars used:
  │ DB_PORT
  └─
  Template Evaluation — cmds[2]:
  ┌─ Input:
  │ echo 'App: {{.APP_NAME}}'
  └─
  ┌─ Evaluation Steps:
  │ 
  │ ── Action 1 of 1 — line 1
  │   S     echo 'App: {{.APP_NAME}}'
  │ 
  │ Step 1: Resolve a Variable — .APP_NAME
  │   I     my-dotenv-app
  │ 
  │   R     echo 'App: my-dotenv-app'
  │ 
  └─
  ┌─ Output:
  │ echo 'App: my-dotenv-app'
  └─
  ┌─ Vars used:
  │ APP_NAME
  └─
  Commands — cmds[0]:
  ┌─ Raw:
  │ echo 'DB Host: {{.DB_HOST}}'
  └─
  ┌─ Resolved:
  │ echo 'DB Host: localhost'
  └─
  Commands — cmds[1]:
  ┌─ Raw:
  │ echo 'DB Port: {{.DB_PORT}}'
  └─
  ┌─ Resolved:
  │ echo 'DB Port: 5432'
  └─
  Commands — cmds[2]:
  ┌─ Raw:
  │ echo 'App: {{.APP_NAME}}'
  └─
  ┌─ Resolved:
  │ echo 'App: my-dotenv-app'
  └─

╚══ End of Transparent Mode Report ══╝
