
╔════════════════════════════════════════════════════════╗
║  TRANSPARENT MODE — Variable & Template Diagnostics  ║
╚════════════════════════════════════════════════════════╝

── Global Variables
  Variables in scope:
  ┌──────────────────┬───────────────┬────────┬──────────────────────────────────────────────────────────────┬──────────┐
  │ Name             │ Origin        │ Type   │ Value                                                        │ Shadows? │
  ├──────────────────┼───────────────┼────────┼──────────────────────────────────────────────────────────────┼──────────┤
  │ ALIAS            │ special       │ string │ with-prefix                                                  │          │
  │ ROOT_DIR         │ special       │ string │ <PATH> │          │
  │ ROOT_TASKFILE    │ special       │ string │ <PATH> │          │
  │ TASK             │ special       │ string │ with-prefix                                                  │          │
  │ TASKFILE         │ special       │ string │ <PATH> │          │
  │ TASKFILE_DIR     │ special       │ string │ <PATH> │          │
  │ TASK_DIR         │ special       │ string │ <PATH> │          │
  │ TASK_EXE         │ special       │ string │ <PATH>   │          │
  │ TASK_VERSION     │ special       │ string │ <TASK_VERSION>                                                       │          │
  │ USER_WORKING_DIR │ special       │ string │ <PATH> │          │
  │ APP_NAME         │ taskfile-vars │ string │ my-app                                                       │          │
  │ ENV              │ taskfile-vars │ string │ production                                                   │          │
  │ VERSION          │ taskfile-vars │ string │ 2.0.0                                                        │          │
  └──────────────────┴───────────────┴────────┴──────────────────────────────────────────────────────────────┴──────────┘
  (9 environment variables hidden — use -v to show)

── Task: with-prefix
  Variables in scope:
  ┌───────┬───────────┬──────────┬──────────────────┬──────────┐
  │ Name  │ Origin    │ Type     │ Value            │ Shadows? │
  ├───────┼───────────┼──────────┼──────────────────┼──────────┤
  │ MATCH │ call-vars │ []string │ []               │          │
  │       │           │          │ ptr: <PTR> │          │
  └───────┴───────────┴──────────┴──────────────────┴──────────┘
  Template Evaluation — fields:
  ┌─ Input:
  │ [{{.APP_NAME}}]
  └─
  ┌─ Evaluation Steps:
  │ 
  │ ── Action 1 of 1 — line 1
  │   S     [{{.APP_NAME}}]
  │ 
  │ Step 1: Resolve a Variable — .APP_NAME
  │   I     my-app
  │ 
  │   R     [my-app]
  │ 
  └─
  ┌─ Output:
  │ [my-app]
  └─
  ┌─ Vars used:
  │ APP_NAME
  └─
  Commands — cmds[0]:
  ┌─ Command:
  │ echo 'Running with prefix'
  └─

╚══ End of Transparent Mode Report ══╝
