
╔════════════════════════════════════════════════════════╗
║  TRANSPARENT MODE — Variable & Template Diagnostics  ║
╚════════════════════════════════════════════════════════╝

── Global Variables
  Variables in scope:
  ┌──────────────────┬───────────────┬────────┬──────────────────────────────────────────────────────────────────────────────────────────────────────────────────┬──────────┐
  │ Name             │ Origin        │ Type   │ Value                                                                                                            │ Shadows? │
  ├──────────────────┼───────────────┼────────┼──────────────────────────────────────────────────────────────────────────────────────────────────────────────────┼──────────┤
  │ ALIAS            │ special       │ string │ with-summary                                                                                                     │          │
  │ ROOT_DIR         │ special       │ string │ <PATH>              │          │
  │ ROOT_TASKFILE    │ special       │ string │ <PATH> │          │
  │ TASK             │ special       │ string │ with-summary                                                                                                     │          │
  │ TASKFILE         │ special       │ string │ <PATH> │          │
  │ TASKFILE_DIR     │ special       │ string │ <PATH>              │          │
  │ TASK_DIR         │ special       │ string │ <PATH>              │          │
  │ TASK_EXE         │ special       │ string │ <PATH>                                                       │          │
  │ TASK_VERSION     │ special       │ string │ <TASK_VERSION>                                                                                                           │          │
  │ USER_WORKING_DIR │ special       │ string │ <PATH>                                           │          │
  │ APP_NAME         │ taskfile-vars │ string │ my-app                                                                                                           │          │
  │ ENV              │ taskfile-vars │ string │ production                                                                                                       │          │
  │ VERSION          │ taskfile-vars │ string │ 2.0.0                                                                                                            │          │
  └──────────────────┴───────────────┴────────┴──────────────────────────────────────────────────────────────────────────────────────────────────────────────────┴──────────┘
  (7 environment variables hidden — use -v to show)

── Task: with-summary
  Variables in scope:
  ┌───────┬───────────┬──────────┬──────────────────┬──────────┐
  │ Name  │ Origin    │ Type     │ Value            │ Shadows? │
  ├───────┼───────────┼──────────┼──────────────────┼──────────┤
  │ MATCH │ call-vars │ []string │ []               │          │
  │       │           │          │ ptr: <PTR> │          │
  └───────┴───────────┴──────────┴──────────────────┴──────────┘
  Template Evaluation — fields:
  ┌─ Input:
  │ Deploy {{.APP_NAME}} version {{.VERSION}} to {{.ENV}}.
  │ This task handles the full deployment pipeline.
  └─
  ┌─ Evaluation Steps:
  │ 
  │ ── Action 1 of 3 — line 1
  │   S     Deploy {{.APP_NAME}} version {{.VERSION}} to {{.ENV}}.
  │ 
  │ Step 1: Resolve a Variable — .APP_NAME
  │   I     my-app
  │ 
  │   R     Deploy my-app.
  │ 
  │ ── Action 2 of 3 — line 1
  │   S     Deploy {{.APP_NAME}} version {{.VERSION}} to {{.ENV}}.
  │ 
  │ Step 2: Resolve a Variable — .VERSION
  │   I     2.0.0
  │ 
  │   R     Deploy 2.0.0.
  │ 
  │ ── Action 3 of 3 — line 1
  │   S     Deploy {{.APP_NAME}} version {{.VERSION}} to {{.ENV}}.
  │ 
  │ Step 3: Resolve a Variable — .ENV
  │   I     production
  │ 
  │   R     Deploy production.
  │ 
  └─
  ┌─ Output:
  │ Deploy my-app version 2.0.0 to production.
  │ This task handles the full deployment pipeline.
  └─
  ┌─ Vars used:
  │ APP_NAME, VERSION, ENV
  └─
  Template Evaluation — cmds[0]:
  ┌─ Input:
  │ echo 'Deploying {{.APP_NAME}} v{{.VERSION}} to {{.ENV}}'
  └─
  ┌─ Evaluation Steps:
  │ 
  │ ── Action 1 of 3 — line 1
  │   S     echo 'Deploying {{.APP_NAME}} v{{.VERSION}} to {{.ENV}}'
  │ 
  │ Step 1: Resolve a Variable — .APP_NAME
  │   I     my-app
  │ 
  │   R     echo 'Deploying my-app'
  │ 
  │ ── Action 2 of 3 — line 1
  │   S     echo 'Deploying {{.APP_NAME}} v{{.VERSION}} to {{.ENV}}'
  │ 
  │ Step 2: Resolve a Variable — .VERSION
  │   I     2.0.0
  │ 
  │   R     echo 'Deploying 2.0.0'
  │ 
  │ ── Action 3 of 3 — line 1
  │   S     echo 'Deploying {{.APP_NAME}} v{{.VERSION}} to {{.ENV}}'
  │ 
  │ Step 3: Resolve a Variable — .ENV
  │   I     production
  │ 
  │   R     echo 'Deploying production'
  │ 
  └─
  ┌─ Output:
  │ echo 'Deploying my-app v2.0.0 to production'
  └─
  ┌─ Vars used:
  │ APP_NAME, VERSION, ENV
  └─
  Commands — cmds[0]:
  ┌─ Raw:
  │ echo 'Deploying {{.APP_NAME}} v{{.VERSION}} to {{.ENV}}'
  └─
  ┌─ Resolved:
  │ echo 'Deploying my-app v2.0.0 to production'
  └─

╚══ End of Transparent Mode Report ══╝
