
╔════════════════════════════════════════════════════════╗
║  TRANSPARENT MODE — Variable & Template Diagnostics  ║
╚════════════════════════════════════════════════════════╝

── Global Variables
  Variables:
  Name              Origin          Type      Ref?    Value
  ──────────────────────────────────────────────────────
  ALIAS             special         string      ·     with-prefix
  ROOT_DIR          special         string      ·     <PATH>
  ROOT_TASKFILE     special         string      ·     <PATH>
  TASK              special         string      ·     with-prefix
  TASKFILE          special         string      ·     <PATH>
  TASKFILE_DIR      special         string      ·     <PATH>
  TASK_DIR          special         string      ·     <PATH>
  TASK_EXE          special         string      ·     <PATH>
  TASK_VERSION      special         string      ·     <TASK_VERSION>
  USER_WORKING_DIR  special         string      ·     <PATH>
  APP_NAME          taskfile-vars   string      ·     my-app
  ENV               taskfile-vars   string      ·     production
  VERSION           taskfile-vars   string      ·     2.0.0
  (7 environment variables hidden — use -v to show)

── Task: with-prefix
  Variables:
  Name   Origin          Type      Ref?    Value
  ───────────────────────────────────────────
  MATCH  call-vars       []string    ·     []
         ptr: <PTR>
  Template Evaluation — fields:
  ┌─ Input:
  │ [{{.APP_NAME}}]
  └─
  ┌─ Output:
  │ [my-app]
  └─
  ┌─ Vars used:
  │ APP_NAME
  └─
  Commands — cmds[0]:
  ┌─ Command:
  │ echo 'Running with prefix'
  └─

╚══ End of Transparent Mode Report ══╝
