
══════ Transparent Mode Report ══════

── Global Variables
  Variables:
  Name              Origin          Type      Ref?    Value
  ──────────────────────────────────────────────────────
  ALIAS             special         string      ·     with-prefix
  ROOT_DIR          special         string      ·     <PATH>
  ROOT_TASKFILE     special         string      ·     <PATH>
  TASK              special         string      ·     with-prefix
  TASKFILE          special         string      ·     <PATH>
  TASKFILE_DIR      special         string      ·     <PATH>
  TASK_DIR          special         string      ·     <PATH>
  TASK_EXE          special         string      ·     <PATH>
  TASK_VERSION      special         string      ·     <TASK_VERSION>
  USER_WORKING_DIR  special         string      ·     <PATH>
  APP_NAME          taskfile-vars   string      ·     my-app
  CLI_ARGS          taskfile-vars   string      ·     
  CLI_ARGS_LIST     taskfile-vars   []string    ·     []
                    ptr: <PTR>
  CLI_ASSUME_YES    taskfile-vars   bool        ·     false
  CLI_FORCE         taskfile-vars   bool        ·     false
  CLI_OFFLINE       taskfile-vars   bool        ·     false
  CLI_SILENT        taskfile-vars   bool        ·     false
  CLI_VERBOSE       taskfile-vars   bool        ·     false
  ENV               taskfile-vars   string      ·     production
  VERSION           taskfile-vars   string      ·     2.0.0

── Task: with-prefix
  Variables:
  Name   Origin          Type      Ref?    Value
  ───────────────────────────────────────────
  MATCH  call-vars       []string    ·     []
         ptr: <PTR>
  Template Evaluations:
  [1] (fields) Input:  [{{.APP_NAME}}]
       Output: [my-app]
       Vars used: APP_NAME
  Commands:
  [0] echo 'Running with prefix'

══════ End Report ══════
