
══════ Transparent Mode Report ══════

── Global Variables
  Variables:
  Name              Origin          Type      Ref?    Value
  ──────────────────────────────────────────────────────
  ALIAS             special         string      ·     default
  ROOT_DIR          special         string      ·     <PATH>
  ROOT_TASKFILE     special         string      ·     <PATH>
  TASK              special         string      ·     default
  TASKFILE          special         string      ·     <PATH>
  TASKFILE_DIR      special         string      ·     <PATH>
  TASK_DIR          special         string      ·     <PATH>
  TASK_EXE          special         string      ·     <PATH>
  TASK_VERSION      special         string      ·     <TASK_VERSION>
  USER_WORKING_DIR  special         string      ·     <PATH>
  APP_ENV           taskfile-env    string      ·     staging
  LOG_LEVEL         taskfile-env    string      ·     info
  APP_ENV           taskfile-vars   string      ·     production ⚠ SHADOWS APP_ENV="staging" [taskfile-env]
  APP_NAME          taskfile-vars   string      ·     my-app
  CLI_ARGS          taskfile-vars   string      ·     
  CLI_ARGS_LIST     taskfile-vars   []string    ·     []
                    ptr: <PTR>
  CLI_ASSUME_YES    taskfile-vars   bool        ·     false
  CLI_FORCE         taskfile-vars   bool        ·     false
  CLI_OFFLINE       taskfile-vars   bool        ·     false
  CLI_SILENT        taskfile-vars   bool        ·     false
  CLI_VERBOSE       taskfile-vars   bool        ·     false

── Task: default
  Variables:
  Name   Origin          Type      Ref?    Value
  ───────────────────────────────────────────
  MATCH  call-vars       []string    ·     []
         ptr: <PTR>
  Template Evaluations:
  [1] (cmds[0]) Input:  echo 'App: {{.APP_NAME}}'
       Output: echo 'App: my-app'
       Vars used: APP_NAME
  [2] (cmds[1]) Input:  echo 'Env: {{.APP_ENV}}'
       Output: echo 'Env: production'
       Vars used: APP_ENV
  [3] (cmds[2]) Input:  echo 'Log: {{.LOG_LEVEL}}'
       Output: echo 'Log: info'
       Vars used: LOG_LEVEL
  Commands:
  [0] raw:      echo 'App: {{.APP_NAME}}'
       resolved: echo 'App: my-app'
  [1] raw:      echo 'Env: {{.APP_ENV}}'
       resolved: echo 'Env: production'
  [2] raw:      echo 'Log: {{.LOG_LEVEL}}'
       resolved: echo 'Log: info'

══════ End Report ══════
