
══════ Transparent Mode Report ══════

── Global Variables
  Variables:
  Name              Origin          Type      Ref?    Value
  ──────────────────────────────────────────────────────
  ALIAS             special         string      ·     with-task-env
  ROOT_DIR          special         string      ·     <PATH>
  ROOT_TASKFILE     special         string      ·     <PATH>
  TASK              special         string      ·     with-task-env
  TASKFILE          special         string      ·     <PATH>
  TASKFILE_DIR      special         string      ·     <PATH>
  TASK_DIR          special         string      ·     <PATH>
  TASK_EXE          special         string      ·     <PATH>
  TASK_VERSION      special         string      ·     <TASK_VERSION>
  USER_WORKING_DIR  special         string      ·     <PATH>
  APP_ENV           taskfile-env    string      ·     staging
  LOG_LEVEL         taskfile-env    string      ·     info
  APP_ENV           taskfile-vars   string      ·     production ⚠ SHADOWS APP_ENV="staging" [taskfile-env]
  APP_NAME          taskfile-vars   string      ·     my-app
  (7 environment variables hidden — use -v to show)

── Task: with-task-env
  Variables:
  Name   Origin          Type      Ref?    Value
  ───────────────────────────────────────────
  MATCH  call-vars       []string    ·     []
         ptr: <PTR>
  Template Evaluations:
  [1] (cmds[0]) Input:  echo 'Task env: {{.APP_ENV}}'
       Output: echo 'Task env: production'
       Vars used: APP_ENV
  Commands:
  [0] raw:      echo 'Task env: {{.APP_ENV}}'
       resolved: echo 'Task env: production'

══════ End Report ══════
