
╔════════════════════════════════════════════════════════╗
║  TRANSPARENT MODE — Variable & Template Diagnostics  ║
╚════════════════════════════════════════════════════════╝

── Global Variables
  Variables in scope:
  ┌──────────────────┬───────────────┬────────┬─────────────────────────────────────────────────────────────────────────────────────────────────────────────────────────┬──────────────────────────────────────────────────────┐
  │ Name             │ Origin        │ Type   │ Value                                                                                                                   │ Shadows?                                             │
  ├──────────────────┼───────────────┼────────┼─────────────────────────────────────────────────────────────────────────────────────────────────────────────────────────┼──────────────────────────────────────────────────────┤
  │ ALIAS            │ special       │ string │ level1:greet                                                                                                            │                                                      │
  │ ROOT_DIR         │ special       │ string │ <PATH>                     │                                                      │
  │ ROOT_TASKFILE    │ special       │ string │ <PATH>        │                                                      │
  │ TASK             │ special       │ string │ level1:greet                                                                                                            │                                                      │
  │ TASKFILE         │ special       │ string │ <PATH> │                                                      │
  │ TASKFILE_DIR     │ special       │ string │ <PATH>              │                                                      │
  │ TASK_DIR         │ special       │ string │ <PATH>                     │                                                      │
  │ TASK_EXE         │ special       │ string │ <PATH>                                                              │                                                      │
  │ TASK_VERSION     │ special       │ string │ <TASK_VERSION>                                                                                                                  │                                                      │
  │ USER_WORKING_DIR │ special       │ string │ <PATH>                                                  │                                                      │
  │ LEVEL1_VAR       │ taskfile-vars │ string │ from-level1                                                                                                             │                                                      │
  │ LEVEL2_VAR       │ taskfile-vars │ string │ from-level2                                                                                                             │                                                      │
  │ ROOT_VAR         │ taskfile-vars │ string │ from-root                                                                                                               │                                                      │
  │ PARENT_VAR       │ include-vars  │ string │ from-root-include                                                                                                       │                                                      │
  │ LEVEL1_VAR       │ included-tf   │ string │ from-level1                                                                                                             │ ⚠ SHADOWS LEVEL1_VAR="from-level1" [taskfile-vars]   │
  │ LEVEL2_VAR       │ included-tf   │ string │ from-level2                                                                                                             │ ⚠ SHADOWS LEVEL2_VAR="from-level2" [taskfile-vars]   │
  │ ROOT_VAR         │ included-tf   │ string │ from-root                                                                                                               │ ⚠ SHADOWS ROOT_VAR="from-root" [taskfile-vars]       │
  └──────────────────┴───────────────┴────────┴─────────────────────────────────────────────────────────────────────────────────────────────────────────────────────────┴──────────────────────────────────────────────────────┘
  (9 environment variables hidden — use -v to show)

── Task: level1:greet
  Variables in scope:
  ┌───────┬───────────┬──────────┬──────────────────┬──────────┐
  │ Name  │ Origin    │ Type     │ Value            │ Shadows? │
  ├───────┼───────────┼──────────┼──────────────────┼──────────┤
  │ MATCH │ call-vars │ []string │ []               │          │
  │       │           │          │ ptr: <PTR> │          │
  └───────┴───────────┴──────────┴──────────────────┴──────────┘
  Template Evaluation — cmds[0]:
  ┌─ Input:
  │ echo 'Level1: {{.LEVEL1_VAR}}'
  └─
  ┌─ Evaluation Steps:
  │ 
  │ ── Action 1 of 1 — line 1
  │   S     echo 'Level1: {{.LEVEL1_VAR}}'
  │ 
  │ Step 1: Resolve a Variable — .LEVEL1_VAR
  │   I     from-level1
  │ 
  │   R     echo 'Level1: from-level1'
  │ 
  └─
  ┌─ Output:
  │ echo 'Level1: from-level1'
  └─
  ┌─ Vars used:
  │ LEVEL1_VAR
  └─
  Template Evaluation — cmds[1]:
  ┌─ Input:
  │ echo 'Parent: {{.PARENT_VAR}}'
  └─
  ┌─ Evaluation Steps:
  │ 
  │ ── Action 1 of 1 — line 1
  │   S     echo 'Parent: {{.PARENT_VAR}}'
  │ 
  │ Step 1: Resolve a Variable — .PARENT_VAR
  │   I     from-root-include
  │ 
  │   R     echo 'Parent: from-root-include'
  │ 
  └─
  ┌─ Output:
  │ echo 'Parent: from-root-include'
  └─
  ┌─ Vars used:
  │ PARENT_VAR
  └─
  Commands — cmds[0]:
  ┌─ Raw:
  │ echo 'Level1: {{.LEVEL1_VAR}}'
  └─
  ┌─ Resolved:
  │ echo 'Level1: from-level1'
  └─
  Commands — cmds[1]:
  ┌─ Raw:
  │ echo 'Parent: {{.PARENT_VAR}}'
  └─
  ┌─ Resolved:
  │ echo 'Parent: from-root-include'
  └─

╚══ End of Transparent Mode Report ══╝
