
╔════════════════════════════════════════════════════════╗
║  TRANSPARENT MODE — Variable & Template Diagnostics  ║
╚════════════════════════════════════════════════════════╝

── Global Variables
  Variables in scope:
  ┌──────────────────┬───────────────┬────────────────┬──────────────────────────────────────────────────────────────────────────────────────────────────────────────────────────┬──────────┐
  │ Name             │ Origin        │ Type           │ Value                                                                                                                    │ Shadows? │
  ├──────────────────┼───────────────┼────────────────┼──────────────────────────────────────────────────────────────────────────────────────────────────────────────────────────┼──────────┤
  │ ALIAS            │ special       │ string         │ build-matrix                                                                                                             │          │
  │ ROOT_DIR         │ special       │ string         │ <PATH>              │          │
  │ ROOT_TASKFILE    │ special       │ string         │ <PATH> │          │
  │ TASK             │ special       │ string         │ build-matrix                                                                                                             │          │
  │ TASKFILE         │ special       │ string         │ <PATH> │          │
  │ TASKFILE_DIR     │ special       │ string         │ <PATH>              │          │
  │ TASK_DIR         │ special       │ string         │ <PATH>              │          │
  │ TASK_EXE         │ special       │ string         │ <PATH>                                                  │          │
  │ TASK_VERSION     │ special       │ string         │ <TASK_VERSION>                                                                                                                   │          │
  │ USER_WORKING_DIR │ special       │ string         │ <PATH>                                      │          │
  │ ARCHS            │ taskfile-vars │ []interface {} │ [amd64 arm64]                                                                                                            │          │
  │                  │               │                │ ptr: <PTR>                                                                                                       │          │
  │ PLATFORMS        │ taskfile-vars │ []interface {} │ [linux darwin windows]                                                                                                   │          │
  │                  │               │                │ ptr: <PTR>                                                                                                       │          │
  │ PROJECT          │ taskfile-vars │ string         │ my-app                                                                                                                   │          │
  └──────────────────┴───────────────┴────────────────┴──────────────────────────────────────────────────────────────────────────────────────────────────────────────────────────┴──────────┘
  (7 environment variables hidden — use -v to show)

── Task: build-matrix
  Variables in scope:
  ┌───────┬───────────┬──────────┬───────┬──────────┐
  │ Name  │ Origin    │ Type     │ Value │ Shadows? │
  ├───────┼───────────┼──────────┼───────┼──────────┤
  │ MATCH │ call-vars │ []string │ []    │          │
  │       │           │          │ ptr: <PTR> │          │
  └───────┴───────────┴──────────┴───────┴──────────┘
  Template Evaluation — cmds[0]:
  ┌─ Input:
  │ echo 'Build: {{.PROJECT}}-{{.ITEM.PLATFORM}}-{{.ITEM.ARCH}}'
  └─
  ┌─ Evaluation Steps:
  │ Step 1: Resolve a Variable — .PROJECT
  │   Input:  my-app
  │   Expr:   echo 'Build: {{"my-app"}}-{{.ITEM.PLATFORM}}-{{.ITEM.ARCH}}'
  │ Step 2: Resolve a Variable — .ITEM.PLATFORM
  │   Input:  linux
  │   Expr:   echo 'Build: {{"my-app"}}-{{"linux"}}-{{.ITEM.ARCH}}'
  │ Step 3: Resolve a Variable — .ITEM.ARCH
  │   Input:  amd64
  │   Expr:   echo 'Build: '
  └─
  ┌─ Output:
  │ echo 'Build: my-app-linux-amd64'
  └─
  ┌─ Vars used:
  │ PROJECT, ITEM, PLATFORM, ARCH
  └─
  Template Evaluation — cmds[0]:
  ┌─ Input:
  │ echo 'Build: {{.PROJECT}}-{{.ITEM.PLATFORM}}-{{.ITEM.ARCH}}'
  └─
  ┌─ Evaluation Steps:
  │ Step 1: Resolve a Variable — .PROJECT
  │   Input:  my-app
  │   Expr:   echo 'Build: {{"my-app"}}-{{.ITEM.PLATFORM}}-{{.ITEM.ARCH}}'
  │ Step 2: Resolve a Variable — .ITEM.PLATFORM
  │   Input:  linux
  │   Expr:   echo 'Build: {{"my-app"}}-{{"linux"}}-{{.ITEM.ARCH}}'
  │ Step 3: Resolve a Variable — .ITEM.ARCH
  │   Input:  arm64
  │   Expr:   echo 'Build: '
  └─
  ┌─ Output:
  │ echo 'Build: my-app-linux-arm64'
  └─
  ┌─ Vars used:
  │ PROJECT, ITEM, PLATFORM, ARCH
  └─
  Template Evaluation — cmds[0]:
  ┌─ Input:
  │ echo 'Build: {{.PROJECT}}-{{.ITEM.PLATFORM}}-{{.ITEM.ARCH}}'
  └─
  ┌─ Evaluation Steps:
  │ Step 1: Resolve a Variable — .PROJECT
  │   Input:  my-app
  │   Expr:   echo 'Build: {{"my-app"}}-{{.ITEM.PLATFORM}}-{{.ITEM.ARCH}}'
  │ Step 2: Resolve a Variable — .ITEM.PLATFORM
  │   Input:  darwin
  │   Expr:   echo 'Build: {{"my-app"}}-{{"darwin"}}-{{.ITEM.ARCH}}'
  │ Step 3: Resolve a Variable — .ITEM.ARCH
  │   Input:  amd64
  │   Expr:   echo 'Build: '
  └─
  ┌─ Output:
  │ echo 'Build: my-app-darwin-amd64'
  └─
  ┌─ Vars used:
  │ PROJECT, ITEM, PLATFORM, ARCH
  └─
  Template Evaluation — cmds[0]:
  ┌─ Input:
  │ echo 'Build: {{.PROJECT}}-{{.ITEM.PLATFORM}}-{{.ITEM.ARCH}}'
  └─
  ┌─ Evaluation Steps:
  │ Step 1: Resolve a Variable — .PROJECT
  │   Input:  my-app
  │   Expr:   echo 'Build: {{"my-app"}}-{{.ITEM.PLATFORM}}-{{.ITEM.ARCH}}'
  │ Step 2: Resolve a Variable — .ITEM.PLATFORM
  │   Input:  darwin
  │   Expr:   echo 'Build: {{"my-app"}}-{{"darwin"}}-{{.ITEM.ARCH}}'
  │ Step 3: Resolve a Variable — .ITEM.ARCH
  │   Input:  arm64
  │   Expr:   echo 'Build: '
  └─
  ┌─ Output:
  │ echo 'Build: my-app-darwin-arm64'
  └─
  ┌─ Vars used:
  │ PROJECT, ITEM, PLATFORM, ARCH
  └─
  Template Evaluation — cmds[0]:
  ┌─ Input:
  │ echo 'Build: {{.PROJECT}}-{{.ITEM.PLATFORM}}-{{.ITEM.ARCH}}'
  └─
  ┌─ Evaluation Steps:
  │ Step 1: Resolve a Variable — .PROJECT
  │   Input:  my-app
  │   Expr:   echo 'Build: {{"my-app"}}-{{.ITEM.PLATFORM}}-{{.ITEM.ARCH}}'
  │ Step 2: Resolve a Variable — .ITEM.PLATFORM
  │   Input:  windows
  │   Expr:   echo 'Build: {{"my-app"}}-{{"windows"}}-{{.ITEM.ARCH}}'
  │ Step 3: Resolve a Variable — .ITEM.ARCH
  │   Input:  amd64
  │   Expr:   echo 'Build: '
  └─
  ┌─ Output:
  │ echo 'Build: my-app-windows-amd64'
  └─
  ┌─ Vars used:
  │ PROJECT, ITEM, PLATFORM, ARCH
  └─
  Template Evaluation — cmds[0]:
  ┌─ Input:
  │ echo 'Build: {{.PROJECT}}-{{.ITEM.PLATFORM}}-{{.ITEM.ARCH}}'
  └─
  ┌─ Evaluation Steps:
  │ Step 1: Resolve a Variable — .PROJECT
  │   Input:  my-app
  │   Expr:   echo 'Build: {{"my-app"}}-{{.ITEM.PLATFORM}}-{{.ITEM.ARCH}}'
  │ Step 2: Resolve a Variable — .ITEM.PLATFORM
  │   Input:  windows
  │   Expr:   echo 'Build: {{"my-app"}}-{{"windows"}}-{{.ITEM.ARCH}}'
  │ Step 3: Resolve a Variable — .ITEM.ARCH
  │   Input:  arm64
  │   Expr:   echo 'Build: '
  └─
  ┌─ Output:
  │ echo 'Build: my-app-windows-arm64'
  └─
  ┌─ Vars used:
  │ PROJECT, ITEM, PLATFORM, ARCH
  └─
  Commands — cmds[0] (ITEM=map[ARCH:amd64 PLATFORM:linux]):
  ┌─ Raw:
  │ echo 'Build: {{.PROJECT}}-{{.ITEM.PLATFORM}}-{{.ITEM.ARCH}}'
  └─
  ┌─ Resolved:
  │ echo 'Build: my-app-linux-amd64'
  └─
  Commands — cmds[1] (ITEM=map[ARCH:arm64 PLATFORM:linux]):
  ┌─ Raw:
  │ echo 'Build: {{.PROJECT}}-{{.ITEM.PLATFORM}}-{{.ITEM.ARCH}}'
  └─
  ┌─ Resolved:
  │ echo 'Build: my-app-linux-arm64'
  └─
  Commands — cmds[2] (ITEM=map[ARCH:amd64 PLATFORM:darwin]):
  ┌─ Raw:
  │ echo 'Build: {{.PROJECT}}-{{.ITEM.PLATFORM}}-{{.ITEM.ARCH}}'
  └─
  ┌─ Resolved:
  │ echo 'Build: my-app-darwin-amd64'
  └─
  Commands — cmds[3] (ITEM=map[ARCH:arm64 PLATFORM:darwin]):
  ┌─ Raw:
  │ echo 'Build: {{.PROJECT}}-{{.ITEM.PLATFORM}}-{{.ITEM.ARCH}}'
  └─
  ┌─ Resolved:
  │ echo 'Build: my-app-darwin-arm64'
  └─
  Commands — cmds[4] (ITEM=map[ARCH:amd64 PLATFORM:windows]):
  ┌─ Raw:
  │ echo 'Build: {{.PROJECT}}-{{.ITEM.PLATFORM}}-{{.ITEM.ARCH}}'
  └─
  ┌─ Resolved:
  │ echo 'Build: my-app-windows-amd64'
  └─
  Commands — cmds[5] (ITEM=map[ARCH:arm64 PLATFORM:windows]):
  ┌─ Raw:
  │ echo 'Build: {{.PROJECT}}-{{.ITEM.PLATFORM}}-{{.ITEM.ARCH}}'
  └─
  ┌─ Resolved:
  │ echo 'Build: my-app-windows-arm64'
  └─

╚══ End of Transparent Mode Report ══╝
