
╔════════════════════════════════════════════════════════╗
║  TRANSPARENT MODE — Variable & Template Diagnostics  ║
╚════════════════════════════════════════════════════════╝

── Global Variables
  Variables in scope:
  ┌──────────────────┬───────────────┬────────────────┬─────────────────────────────────────────────────────────────────────────────────────────────────────────────┬──────────┐
  │ Name             │ Origin        │ Type           │ Value                                                                                                       │ Shadows? │
  ├──────────────────┼───────────────┼────────────────┼─────────────────────────────────────────────────────────────────────────────────────────────────────────────┼──────────┤
  │ ALIAS            │ special       │ string         │ build-inline                                                                                                │          │
  │ ROOT_DIR         │ special       │ string         │ <PATH>              │          │
  │ ROOT_TASKFILE    │ special       │ string         │ <PATH> │          │
  │ TASK             │ special       │ string         │ build-inline                                                                                                │          │
  │ TASKFILE         │ special       │ string         │ <PATH> │          │
  │ TASKFILE_DIR     │ special       │ string         │ <PATH>              │          │
  │ TASK_DIR         │ special       │ string         │ <PATH>              │          │
  │ TASK_EXE         │ special       │ string         │ <PATH>                                                  │          │
  │ TASK_VERSION     │ special       │ string         │ <TASK_VERSION>                                                                                                      │          │
  │ USER_WORKING_DIR │ special       │ string         │ <PATH>                                      │          │
  │ ARCHS            │ taskfile-vars │ []interface {} │ [ (4 lines — see below)                                                                                     │          │
  │                  │               │                │ ptr: <PTR>                                                                                          │          │
  │ PLATFORMS        │ taskfile-vars │ []interface {} │ [ (5 lines — see below)                                                                                     │          │
  │                  │               │                │ ptr: <PTR>                                                                                          │          │
  │ PROJECT          │ taskfile-vars │ string         │ my-app                                                                                                      │          │
  └──────────────────┴───────────────┴────────────────┴─────────────────────────────────────────────────────────────────────────────────────────────────────────────┴──────────┘

  ┌─ Value of ARCHS:
  │ [
  │   "amd64",
  │   "arm64"
  │ ]
  └─

  ┌─ Value of PLATFORMS:
  │ [
  │   "linux",
  │   "darwin",
  │   "windows"
  │ ]
  └─
  (9 environment variables hidden — use -v to show)

── Task: build-inline
  Variables in scope:
  ┌───────┬───────────┬──────────┬──────────────────┬──────────┐
  │ Name  │ Origin    │ Type     │ Value            │ Shadows? │
  ├───────┼───────────┼──────────┼──────────────────┼──────────┤
  │ MATCH │ call-vars │ []string │ []               │          │
  │       │           │          │ ptr: <PTR> │          │
  └───────┴───────────┴──────────┴──────────────────┴──────────┘
  Template Evaluation — cmds[0]:
  ┌─ Input:
  │ echo 'Mode: {{.ITEM}} for {{.PROJECT}}'
  └─
  ┌─ Evaluation Steps:
  │ 
  │ ── Action 1 of 2 — line 1
  │   S     echo 'Mode: {{.ITEM}} for {{.PROJECT}}'
  │ 
  │ Step 1: Resolve a Variable — .ITEM
  │   I     debug
  │ 
  │   R     echo 'Mode: debug'
  │ 
  │ ── Action 2 of 2 — line 1
  │   S     echo 'Mode: {{.ITEM}} for {{.PROJECT}}'
  │ 
  │ Step 2: Resolve a Variable — .PROJECT
  │   I     my-app
  │ 
  │   R     echo 'Mode: my-app'
  │ 
  └─
  ┌─ Output:
  │ echo 'Mode: debug for my-app'
  └─
  ┌─ Vars used:
  │ ITEM, PROJECT
  └─
  Template Evaluation — cmds[0]:
  ┌─ Input:
  │ echo 'Mode: {{.ITEM}} for {{.PROJECT}}'
  └─
  ┌─ Evaluation Steps:
  │ 
  │ ── Action 1 of 2 — line 1
  │   S     echo 'Mode: {{.ITEM}} for {{.PROJECT}}'
  │ 
  │ Step 1: Resolve a Variable — .ITEM
  │   I     release
  │ 
  │   R     echo 'Mode: release'
  │ 
  │ ── Action 2 of 2 — line 1
  │   S     echo 'Mode: {{.ITEM}} for {{.PROJECT}}'
  │ 
  │ Step 2: Resolve a Variable — .PROJECT
  │   I     my-app
  │ 
  │   R     echo 'Mode: my-app'
  │ 
  └─
  ┌─ Output:
  │ echo 'Mode: release for my-app'
  └─
  ┌─ Vars used:
  │ ITEM, PROJECT
  └─
  Commands — cmds[0] (ITEM=debug):
  ┌─ Raw:
  │ echo 'Mode: {{.ITEM}} for {{.PROJECT}}'
  └─
  ┌─ Resolved:
  │ echo 'Mode: debug for my-app'
  └─
  Commands — cmds[1] (ITEM=release):
  ┌─ Raw:
  │ echo 'Mode: {{.ITEM}} for {{.PROJECT}}'
  └─
  ┌─ Resolved:
  │ echo 'Mode: release for my-app'
  └─

╚══ End of Transparent Mode Report ══╝
